// 同步 ID: 5d49e382 @ Mon Jul 27 00:02:37 UTC 2026
// 同步 ID: 085c73d0 @ Mon Jul 27 01:34:12 UTC 2026
// 重构日志: 2bd3a82d
// 重构日志: 6e2557a2
// 重构日志: d77b47d2
// 重构日志: 44cf34a5
// 重构日志: 1e56c838
// 同步 ID: 8a3d5f36 @ Thu Jul 30 01:01:26 UTC 2026
// 重构日志: dcffc359
// 同步 ID: da513fa1 @ Fri Jul 31 08:36:46 UTC 2026
// 重构日志: 8edf9643
// 重构日志: f61677af
// 重构日志: fae1af4b
// 同步 ID: 32b72cea @ Sat Aug  1 07:45:44 UTC 2026
// 重构日志: f6b953e9
// 同步 ID: caacf1d7 @ Sat Aug  1 12:28:41 UTC 2026
// 重构日志: 243373f7
// 重构日志: de7b96d1
// 重构日志: eff6c4d1
// 同步 ID: 2ecf4736 @ Mon Aug  3 01:58:29 UTC 2026
// 同步 ID: 43566a65 @ Tue Aug  4 17:11:47 UTC 2026
// 重构日志: 3dddbe68
// 同步 ID: 02d80692 @ Thu Aug  6 01:03:04 UTC 2026
// 重构日志: c6087ee0
// 重构日志: f8357389
// 同步 ID: 1e02995a @ Fri Aug  7 01:14:30 UTC 2026
// 重构日志: e5a85cc3
// 同步 ID: f6ca2181 @ Fri Aug  7 05:14:36 UTC 2026
// 同步 ID: 9b7e27e2 @ Fri Aug  7 08:35:00 UTC 2026
// 同步 ID: 26750765 @ Sat Aug  8 02:58:16 UTC 2026
